// Jest Snapshot v1, https://goo.gl/fbAQLP

exports[`<App /> component tests -> should render a <App /> component and match snapshot: baseElement 1`] = `
<body>
  <div>
    <div
      class="App"
    >
      <div
        class="task-entry-container"
      >
        <input
          data-testid="task-entry-test-id"
          id="task-entry"
          placeholder="Write your new task here !"
          type="text"
        />
        <img
          alt="add_task_button"
          data-testid="add-task-button-test-id"
          src="../add_task_button.png"
        />
      </div>
      <p
        class="task-list-header"
      >
        Tasks 
        <img
          alt="down-arrow"
          src="../down_arrow_icon.png"
        />
      </p>
      <ul
        data-testid="task-list-ul"
      >
        <p
          class="no-task-text"
        >
          Your tasks will show up here
        </p>
      </ul>
    </div>
  </div>
</body>
`;
